
Running `apk add openrc` at 2000-01-01 00:00:46
apk-tools 3.0.6-r0, compiled for armv7.
WARNING: updating and opening https://dl-cdn.alpinelinux.org/alpine/v3.23/main/armv7/APKINDEX.tar.gz: DNS: transient error (try again later)
WARNING: updating and opening https://dl-cdn.alpinelinux.org/alpine/v3.23/community/armv7/APKINDEX.tar.gz: DNS: transient error (try again later)
ERROR: unable to select packages:
  openrc (no such package):
    required by: world[openrc]

Running `apk add openrc` at 2000-01-01 00:05:23
apk-tools 3.0.6-r0, compiled for armv7.
WARNING: updating and opening https://dl-cdn.alpinelinux.org/alpine/v3.23/main/armv7/APKINDEX.tar.gz: TLS: server certificate not trusted
WARNING: updating and opening https://dl-cdn.alpinelinux.org/alpine/v3.23/community/armv7/APKINDEX.tar.gz: TLS: server certificate not trusted
ERROR: unable to select packages:
  openrc (no such package):
    required by: world[openrc]

Running `apk add --no-check-certificate openrc` at 2026-05-07 12:00:15
apk-tools 3.0.6-r0, compiled for armv7.
(1/5) Installing bridge (1.5-r5)
(2/5) Installing ifupdown-ng (0.12.1-r7)
(3/5) Installing openrc-user (0.63-r1)
(4/5) Installing libcap2 (2.78-r0)
(5/5) Installing openrc (0.63-r1)
  Executing openrc-0.63-r1.post-install
Executing busybox-1.37.0-r30.trigger
OK: 6198 KiB in 21 packages

Running `apk add alpine-base mdev-conf` at 2000-01-01 00:00:39
apk-tools 3.0.6-r0, compiled for armv7.
(1/6) Installing mdev-conf (4.9-r0)
ERROR: mdev-conf-4.9-r0: DNS: transient error (try again later)
(2/6) Installing busybox-mdev-openrc (1.37.0-r30)
ERROR: busybox-mdev-openrc-1.37.0-r30: DNS: transient error (try again later)
(3/6) Installing alpine-conf (3.21.0-r0)
ERROR: alpine-conf-3.21.0-r0: DNS: transient error (try again later)
(4/6) Installing busybox-openrc (1.37.0-r30)
ERROR: busybox-openrc-1.37.0-r30: DNS: transient error (try again later)
(5/6) Installing busybox-suid (1.37.0-r30)
ERROR: busybox-suid-1.37.0-r30: DNS: transient error (try again later)
(6/6) Installing alpine-base (3.23.4-r0)
5 errors; 6198 KiB in 22 packages

Running `apk add alpine-base mdev-conf` at 2000-01-01 00:01:51
apk-tools 3.0.6-r0, compiled for armv7.
(1/5) Installing mdev-conf (4.9-r0)
ERROR: mdev-conf-4.9-r0: TLS: server certificate not trusted
(2/5) Installing busybox-mdev-openrc (1.37.0-r30)
ERROR: busybox-mdev-openrc-1.37.0-r30: TLS: server certificate not trusted
(3/5) Installing alpine-conf (3.21.0-r0)
ERROR: alpine-conf-3.21.0-r0: TLS: server certificate not trusted
(4/5) Installing busybox-openrc (1.37.0-r30)
ERROR: busybox-openrc-1.37.0-r30: TLS: server certificate not trusted
(5/5) Installing busybox-suid (1.37.0-r30)
ERROR: busybox-suid-1.37.0-r30: TLS: server certificate not trusted
5 errors; 6198 KiB in 22 packages

Running `apk add --no-check-certificate alpine-base mdev-conf` at 2000-01-01 00:02:10
apk-tools 3.0.6-r0, compiled for armv7.
(1/5) Installing mdev-conf (4.9-r0)
(2/5) Installing busybox-mdev-openrc (1.37.0-r30)
(3/5) Installing alpine-conf (3.21.0-r0)
(4/5) Installing busybox-openrc (1.37.0-r30)
(5/5) Installing busybox-suid (1.37.0-r30)
Executing busybox-1.37.0-r30.trigger
OK: 6386 KiB in 27 packages

Running `apk update` at 2000-01-01 00:00:17
apk-tools 3.0.6-r0, compiled for armv7.
WARNING: updating https://dl-cdn.alpinelinux.org/alpine/v3.23/main/armv7/APKINDEX.tar.gz: DNS: transient error (try again later)
WARNING: updating https://dl-cdn.alpinelinux.org/alpine/v3.23/community/armv7/APKINDEX.tar.gz: DNS: transient error (try again later)
v3.23.4-139-gfc5e77717a8 [https://dl-cdn.alpinelinux.org/alpine/v3.23/main]
v3.23.4-138-gc45b849a722 [https://dl-cdn.alpinelinux.org/alpine/v3.23/community]
0 unavailable, 2 stale; 26254 distinct packages available

Running `apk update` at 2000-01-01 00:03:24
apk-tools 3.0.6-r0, compiled for armv7.
WARNING: updating https://dl-cdn.alpinelinux.org/alpine/v3.23/main/armv7/APKINDEX.tar.gz: TLS: server certificate not trusted
WARNING: updating https://dl-cdn.alpinelinux.org/alpine/v3.23/community/armv7/APKINDEX.tar.gz: TLS: server certificate not trusted
v3.23.4-139-gfc5e77717a8 [https://dl-cdn.alpinelinux.org/alpine/v3.23/main]
v3.23.4-138-gc45b849a722 [https://dl-cdn.alpinelinux.org/alpine/v3.23/community]
0 unavailable, 2 stale; 26254 distinct packages available

Running `apk add --no-check-certificate chrony openrc alpine-base` at 2000-01-01 00:04:11
apk-tools 3.0.6-r0, compiled for armv7.
( 1/14) Installing brotli-libs (1.2.0-r0)
( 2/14) Installing gmp (6.3.0-r4)
( 3/14) Installing nettle (3.10.2-r0)
( 4/14) Installing libunistring (1.4.1-r0)
( 5/14) Installing libidn2 (2.3.8-r0)
( 6/14) Installing libgcc (15.2.0-r2)
( 7/14) Installing libffi (3.5.2-r0)
( 8/14) Installing libtasn1 (4.21.0-r0)
( 9/14) Installing p11-kit (0.25.5-r2)
(10/14) Installing zstd-libs (1.5.7-r2)
(11/14) Installing gnutls (3.8.13-r0)
(12/14) Installing libseccomp (2.6.0-r1)
(13/14) Installing chrony (4.8-r2)
  Executing chrony-4.8-r2.pre-install
(14/14) Installing chrony-openrc (4.8-r2)
Executing busybox-1.37.0-r30.trigger
OK: 13.1 MiB in 41 packages

Running `apk add openssh` at 2000-01-01 00:26:08
apk-tools 3.0.6-r0, compiled for armv7.
( 1/11) Installing openssh-keygen (10.2_p1-r0)
ERROR: openssh-keygen-10.2_p1-r0: TLS: server certificate not trusted
( 2/11) Installing ncurses-terminfo-base (6.5_p20251123-r0)
ERROR: ncurses-terminfo-base-6.5_p20251123-r0: TLS: server certificate not trusted
( 3/11) Installing libncursesw (6.5_p20251123-r0)
ERROR: libncursesw-6.5_p20251123-r0: TLS: server certificate not trusted
( 4/11) Installing libedit (20251016.3.1-r0)
ERROR: libedit-20251016.3.1-r0: TLS: server certificate not trusted
( 5/11) Installing openssh-client-common (10.2_p1-r0)
ERROR: openssh-client-common-10.2_p1-r0: TLS: server certificate not trusted
( 6/11) Installing openssh-client-default (10.2_p1-r0)
ERROR: openssh-client-default-10.2_p1-r0: TLS: server certificate not trusted
( 7/11) Installing openssh-sftp-server (10.2_p1-r0)
ERROR: openssh-sftp-server-10.2_p1-r0: TLS: server certificate not trusted
( 8/11) Installing openssh-server-common (10.2_p1-r0)
ERROR: openssh-server-common-10.2_p1-r0: TLS: server certificate not trusted
( 9/11) Installing openssh-server-common-openrc (10.2_p1-r0)
ERROR: openssh-server-common-openrc-10.2_p1-r0: TLS: server certificate not trusted
(10/11) Installing openssh-server (10.2_p1-r0)
ERROR: openssh-server-10.2_p1-r0: TLS: server certificate not trusted
(11/11) Installing openssh (10.2_p1-r0)
ERROR: openssh-10.2_p1-r0: TLS: server certificate not trusted
11 errors; 13.1 MiB in 41 packages

Running `apk add --no-check-certificate openssh` at 2000-01-01 00:26:31
apk-tools 3.0.6-r0, compiled for armv7.
( 1/11) Installing openssh-keygen (10.2_p1-r0)
( 2/11) Installing ncurses-terminfo-base (6.5_p20251123-r0)
( 3/11) Installing libncursesw (6.5_p20251123-r0)
( 4/11) Installing libedit (20251016.3.1-r0)
( 5/11) Installing openssh-client-common (10.2_p1-r0)
( 6/11) Installing openssh-client-default (10.2_p1-r0)
( 7/11) Installing openssh-sftp-server (10.2_p1-r0)
( 8/11) Installing openssh-server-common (10.2_p1-r0)
( 9/11) Installing openssh-server-common-openrc (10.2_p1-r0)
(10/11) Installing openssh-server (10.2_p1-r0)
(11/11) Installing openssh (10.2_p1-r0)
Executing busybox-1.37.0-r30.trigger
OK: 18.5 MiB in 52 packages

Running `apk add --no-check-certificate xrandr` at 2000-01-01 00:07:04
apk-tools 3.0.6-r0, compiled for armv7.
( 1/10) Installing libxau (1.0.12-r0)
ERROR: libxau-1.0.12-r0: DNS: transient error (try again later)
( 2/10) Installing libmd (1.1.0-r0)
ERROR: libmd-1.1.0-r0: DNS: transient error (try again later)
( 3/10) Installing libbsd (0.12.2-r0)
ERROR: libbsd-0.12.2-r0: DNS: transient error (try again later)
( 4/10) Installing libxdmcp (1.1.5-r1)
ERROR: libxdmcp-1.1.5-r1: DNS: transient error (try again later)
( 5/10) Installing libxcb (1.17.0-r1)
ERROR: libxcb-1.17.0-r1: DNS: transient error (try again later)
( 6/10) Installing libx11 (1.8.12-r1)
ERROR: libx11-1.8.12-r1: DNS: transient error (try again later)
( 7/10) Installing libxext (1.3.6-r2)
ERROR: libxext-1.3.6-r2: DNS: transient error (try again later)
( 8/10) Installing libxrender (0.9.12-r0)
ERROR: libxrender-0.9.12-r0: DNS: transient error (try again later)
( 9/10) Installing libxrandr (1.5.4-r1)
ERROR: libxrandr-1.5.4-r1: DNS: transient error (try again later)
(10/10) Installing xrandr (1.5.3-r0)
ERROR: xrandr-1.5.3-r0: DNS: transient error (try again later)
10 errors; 18.5 MiB in 52 packages

Running `apk add --no-check-certificate xrandr` at 2000-01-01 00:08:20
apk-tools 3.0.6-r0, compiled for armv7.
( 1/10) Installing libxau (1.0.12-r0)
( 2/10) Installing libmd (1.1.0-r0)
( 3/10) Installing libbsd (0.12.2-r0)
( 4/10) Installing libxdmcp (1.1.5-r1)
( 5/10) Installing libxcb (1.17.0-r1)
( 6/10) Installing libx11 (1.8.12-r1)
( 7/10) Installing libxext (1.3.6-r2)
( 8/10) Installing libxrender (0.9.12-r0)
( 9/10) Installing libxrandr (1.5.4-r1)
(10/10) Installing xrandr (1.5.3-r0)
Executing busybox-1.37.0-r30.trigger
OK: 21.3 MiB in 62 packages

Running `apk add --no-check-certificate file` at 2000-01-01 00:01:43
apk-tools 3.0.6-r0, compiled for armv7.
(1/2) Installing libmagic (5.46-r2)
ERROR: libmagic-5.46-r2: DNS: transient error (try again later)
(2/2) Installing file (5.46-r2)

Running `apk add --no-check-certificate file` at 2000-01-01 00:02:08
apk-tools 3.0.6-r0, compiled for armv7.
(1/2) Installing libmagic (5.46-r2)
(2/2) Installing file (5.46-r2)
Executing busybox-1.37.0-r30.trigger
OK: 31.3 MiB in 64 packages
